MPLINK 5.09, LINKER
Linker Map File - Created Mon Oct 07 18:29:14 2019

                                 Section Info
                  Section       Type    Address   Location Size(Bytes)
                ---------  ---------  ---------  ---------  ---------
                   .org_0       code   0x000000    program   0x000086
                   .cinit    romdata   0x000043    program   0x000004
.config_2007_BUILD/DEFAULT/PRODUCTION/SEVENSE       code   0x002007    program   0x000002



                              Program Memory Usage 
                               Start         End      
                           ---------   ---------      
                            0x000000    0x000044      
                            0x002007    0x002007      
            70 out of 8454 program addresses used, program memory utilization is 0%



                              Symbols - Sorted by Name
                     Name    Address   Location    Storage File                     
                ---------  ---------  ---------  --------- ---------                
                    COUNT   0x00002b    program     static C:\Programming\EmbeddedSystems\Lab2\Lab 2.X\SevenSegmentDisplay.asm
                    DELAY   0x00002f    program     static C:\Programming\EmbeddedSystems\Lab2\Lab 2.X\SevenSegmentDisplay.asm
         INNER_DELAY_LOOP   0x000035    program     static C:\Programming\EmbeddedSystems\Lab2\Lab 2.X\SevenSegmentDisplay.asm
                     LOOP   0x000041    program     static C:\Programming\EmbeddedSystems\Lab2\Lab 2.X\SevenSegmentDisplay.asm
        LOOP_ZERO_TO_NINE   0x00003a    program     static C:\Programming\EmbeddedSystems\Lab2\Lab 2.X\SevenSegmentDisplay.asm
         OUTER_DELAY_LOOP   0x000032    program     static C:\Programming\EmbeddedSystems\Lab2\Lab 2.X\SevenSegmentDisplay.asm
                SET_DIGIT   0x000025    program     static C:\Programming\EmbeddedSystems\Lab2\Lab 2.X\SevenSegmentDisplay.asm



                              Symbols - Sorted by Address
                     Name    Address   Location    Storage File                     
                ---------  ---------  ---------  --------- ---------                
                SET_DIGIT   0x000025    program     static C:\Programming\EmbeddedSystems\Lab2\Lab 2.X\SevenSegmentDisplay.asm
                    COUNT   0x00002b    program     static C:\Programming\EmbeddedSystems\Lab2\Lab 2.X\SevenSegmentDisplay.asm
                    DELAY   0x00002f    program     static C:\Programming\EmbeddedSystems\Lab2\Lab 2.X\SevenSegmentDisplay.asm
         OUTER_DELAY_LOOP   0x000032    program     static C:\Programming\EmbeddedSystems\Lab2\Lab 2.X\SevenSegmentDisplay.asm
         INNER_DELAY_LOOP   0x000035    program     static C:\Programming\EmbeddedSystems\Lab2\Lab 2.X\SevenSegmentDisplay.asm
        LOOP_ZERO_TO_NINE   0x00003a    program     static C:\Programming\EmbeddedSystems\Lab2\Lab 2.X\SevenSegmentDisplay.asm
                     LOOP   0x000041    program     static C:\Programming\EmbeddedSystems\Lab2\Lab 2.X\SevenSegmentDisplay.asm


