Microchip MPLAB XC8 Compiler V2.10 ()

Linker command line:

-W-3 --edf=C:\Program Files (x86)\Microchip\xc8\v2.10\pic\dat\en_msgs.txt \
  -cs -h+dist/default/production\Lab7.X.production.sym \
  --cmf=dist/default/production\Lab7.X.production.cmf -z -Q16F877A \
  -oC:\Users\rober\AppData\Local\Temp\s80g.2 --defsym=__MPLAB_BUILD=1 \
  -Mdist/default/production/Lab7.X.production.map -E1 -ver=XC8 --acfsm=1493 \
  -ASTACK=0110h-016Fh -pstack=STACK -ACODE=00h-07FFhx4 -ASTRCODE=00h-01FFFh \
  -ASTRING=00h-0FFhx32 -ACONST=00h-0FFhx32 -AENTRY=00h-0FFhx32 \
  -ACOMMON=070h-07Fh -ABANK0=020h-06Fh -ABANK1=0A0h-0EFh \
  -ABANK2=0110h-016Fh -ABANK3=0190h-01EFh \
  -ARAM=020h-06Fh,0A0h-0EFh,0110h-016Fh,0190h-01EFh \
  -AABS1=020h-07Fh,0A0h-0EFh,0110h-016Fh,0190h-01EFh -ASFR0=00h-01Fh \
  -ASFR1=080h-09Fh -ASFR2=0100h-010Fh -ASFR3=0180h-018Fh \
  -preset_vec=00h,intentry,init,end_init -ppowerup=CODE -pcinit=CODE \
  -pfunctab=ENTRY -ACONFIG=02007h-02007h -pconfig=CONFIG -DCONFIG=2 \
  -AIDLOC=02000h-02003h -pidloc=IDLOC -DIDLOC=2 -AEEDATA=00h-0FFh/02100h \
  -peeprom_data=EEDATA -DEEDATA=2 -DCODE=2 -DSTRCODE=2 -DSTRING=2 -DCONST=2 \
  -DENTRY=2 -k C:\Users\rober\AppData\Local\Temp\s80g.o \
  dist/default/production\Lab7.X.production.o 

Object code version is 3.11

Machine type is 16F877A



                Name                               Link     Load   Length Selector   Space Scale
C:\Users\rober\AppData\Local\Temp\s80g.o
                end_init                              0        0        3        0       0
                config                             2007     2007        1     400E       0
dist/default/production\Lab7.X.production.o
                cinit                               7FC      7FC        4      FF8       0
                text11                              747      747       16      E8E       0
                text10                              732      732       15      E64       0
                text9                               6ED      6ED        7      DDA       0
                text8                               704      704        B      E08       0
                text7                               6F4      6F4        7      DE8       0
                text6                               6FB      6FB        9      DF6       0
                text5                               794      794       20      F28       0
                text4                               778      778       1C      EF0       0
                text3                               75D      75D       1B      EBA       0
                text2                               720      720       12      E40       0
                text1                               70F      70F       11      E1E       0
                maintext                            7B4      7B4       48      F68       0
                cstackCOMMON                         70       70        8       70       1

TOTAL           Name                               Link     Load   Length     Space
        CLASS   STACK          

        CLASS   CODE           
                end_init                              0        0        3         0
                cinit                               7FC      7FC        4         0
                text11                              747      747       16         0
                text10                              732      732       15         0
                text9                               6ED      6ED        7         0
                text8                               704      704        B         0
                text7                               6F4      6F4        7         0
                text6                               6FB      6FB        9         0
                text5                               794      794       20         0
                text4                               778      778       1C         0
                text3                               75D      75D       1B         0
                text2                               720      720       12         0
                text1                               70F      70F       11         0
                maintext                            7B4      7B4       48         0

        CLASS   STRCODE        

        CLASS   STRING         

        CLASS   CONST          

        CLASS   ENTRY          

        CLASS   COMMON         
                cstackCOMMON                         70       70        8         1

        CLASS   BANK0          

        CLASS   BANK1          

        CLASS   BANK2          

        CLASS   BANK3          

        CLASS   RAM            

        CLASS   ABS1           
                abs_s1                               7E       7E        2         1

        CLASS   SFR0           

        CLASS   SFR1           

        CLASS   SFR2           

        CLASS   SFR3           

        CLASS   CONFIG         
                config                             2007     2007        1         0

        CLASS   IDLOC          

        CLASS   EEDATA         



SEGMENTS        Name                           Load    Length   Top    Selector   Space  Class     Delta

                reset_vec                      000000  000003  000003         0       0  CODE        2
                cstackCOMMON                   000070  000008  000078        70       1  COMMON      1
                text9                          0006ED  000007  0006F4       DDA       0  CODE        2
                text7                          0006F4  000007  0006FB       DE8       0  CODE        2
                text6                          0006FB  000009  000704       DF6       0  CODE        2
                text8                          000704  00000B  00070F       E08       0  CODE        2
                text1                          00070F  000011  000720       E1E       0  CODE        2
                text2                          000720  000012  000732       E40       0  CODE        2
                text10                         000732  000015  000747       E64       0  CODE        2
                text11                         000747  000016  00075D       E8E       0  CODE        2
                text3                          00075D  00001B  000778       EBA       0  CODE        2
                text4                          000778  00001C  000794       EF0       0  CODE        2
                text5                          000794  000020  0007B4       F28       0  CODE        2
                maintext                       0007B4  000048  0007FC       F68       0  CODE        2
                cinit                          0007FC  000004  000800       FF8       0  CODE        2
                config                         002007  000001  002008      400E       0  CONFIG      2


UNUSED ADDRESS RANGES

        Name                Unused          Largest block    Delta
        BANK0            0020-006F             50           1
        BANK1            00A0-00EF             50           1
        BANK2            0110-016F             60           1
        BANK3            0190-01EF             60           1
        CODE             0003-06EC            6EA           2
                         0800-1FFF            800
        COMMON           0078-007D              6           1
        CONST            0003-06EC            100           2
                         0800-1FFF            100
        EEDATA           2100-21FF            100           2
        ENTRY            0003-06EC            100           2
                         0800-1FFF            100
        IDLOC            2000-2003              4           2
        RAM              0020-006F             50           1
                         00A0-00EF             50
                         0110-016F             60
                         0190-01EF             60
        SFR0             0000-001F             20           1
        SFR1             0080-009F             20           1
        SFR2             0100-010F             10           1
        SFR3             0180-018F             10           1
        STACK            0110-016F             60           1
        STRCODE          0003-06EC            6EA           2
                         0800-1FFF           1800
        STRING           0003-06EC            100           2
                         0800-1FFF            100

                                  Symbol Table

SetCursorPosition@pos                 cstackCOMMON 0074
SetCursorPosition@secondLine          cstackCOMMON 0076
SetDdramAddress@addr                  cstackCOMMON 0073
SetDisplayMode@cursorBlink            cstackCOMMON 0074
SetDisplayMode@cursorOn               cstackCOMMON 0073
SetDisplayMode@displayOn              cstackCOMMON 0077
SetDisplayResolution@displayLargeFont cstackCOMMON 0073
SetDisplayResolution@displayTwoLines  cstackCOMMON 0076
ShiftCursor@right                     cstackCOMMON 0074
WriteCharacter@c                      cstackCOMMON 0072
WriteCommand@cmd                      cstackCOMMON 0072
_ADCON1                               (abs)        009F
_ClearDisplay                         text9        06ED
_Initialise                           text8        0704
_MoveCursorToStart                    text7        06F4
_PORTA                                (abs)        0005
_PORTD                                (abs)        0008
_RA1                                  (abs)        0029
_RA2                                  (abs)        002A
_RA3                                  (abs)        002B
_SetCursorPosition                    text5        0794
_SetDdramAddress                      text6        06FB
_SetDisplayMode                       text4        0778
_SetDisplayResolution                 text3        075D
_ShiftCursor                          text2        0720
_TRISA                                (abs)        0085
_TRISD                                (abs)        0088
_WriteCharacter                       text1        070F
_WriteCommand                         text10       0732
__CFG_BOREN$OFF                       (abs)        0000
__CFG_FOSC$HS                         (abs)        0000
__CFG_LVP$OFF                         (abs)        0000
__CFG_PWRTE$ON                        (abs)        0000
__CFG_WDTE$OFF                        (abs)        0000
__Habs1                               abs1         0000
__Hbank0                              bank0        0000
__Hbank1                              bank1        0000
__Hbank2                              bank2        0000
__Hbank3                              bank3        0000
__Hcinit                              cinit        0800
__Hclrtext                            clrtext      0000
__Hcode                               code         0000
__Hcommon                             common       0000
__Hconfig                             config       2008
__HcstackCOMMON                       cstackCOMMON 0000
__Heeprom_data                        eeprom_data  0000
__Hend_init                           end_init     0003
__Hfunctab                            functab      0000
__Hidloc                              idloc        0000
__Hinit                               init         0000
__Hintentry                           intentry     0000
__Hmaintext                           maintext     0000
__Hpowerup                            powerup      0000
__Hram                                ram          0000
__Hreset_vec                          reset_vec    0000
__Hsfr0                               sfr0         0000
__Hsfr1                               sfr1         0000
__Hsfr2                               sfr2         0000
__Hsfr3                               sfr3         0000
__Hspace_0                            (abs)        2008
__Hspace_1                            (abs)        0078
__Hspace_2                            (abs)        0000
__Hspace_3                            (abs)        0000
__Hstack                              stack        0000
__Hstrings                            strings      0000
__Htext                               text         0000
__Labs1                               abs1         0000
__Lbank0                              bank0        0000
__Lbank1                              bank1        0000
__Lbank2                              bank2        0000
__Lbank3                              bank3        0000
__Lcinit                              cinit        07FC
__Lclrtext                            clrtext      0000
__Lcode                               code         0000
__Lcommon                             common       0000
__Lconfig                             config       2007
__LcstackCOMMON                       cstackCOMMON 0000
__Leeprom_data                        eeprom_data  0000
__Lend_init                           end_init     0000
__Lfunctab                            functab      0000
__Lidloc                              idloc        0000
__Linit                               init         0000
__Lintentry                           intentry     0000
__Lmaintext                           maintext     0000
__Lpowerup                            powerup      0000
__Lram                                ram          0000
__Lreset_vec                          reset_vec    0000
__Lsfr0                               sfr0         0000
__Lsfr1                               sfr1         0000
__Lsfr2                               sfr2         0000
__Lsfr3                               sfr3         0000
__Lspace_0                            (abs)        0000
__Lspace_1                            (abs)        0000
__Lspace_2                            (abs)        0000
__Lspace_3                            (abs)        0000
__Lstack                              stack        0000
__Lstrings                            strings      0000
__Ltext                               text         0000
__S0                                  (abs)        2008
__S1                                  (abs)        0078
__S2                                  (abs)        0000
__S3                                  (abs)        0000
___int_sp                             stack        0000
___latbits                            (abs)        0002
___sp                                 stack        0000
___stackhi                            (abs)        0000
___stacklo                            (abs)        0000
__end_of_ClearDisplay                 text9        06F4
__end_of_Initialise                   text8        070F
__end_of_MoveCursorToStart            text7        06FB
__end_of_SetCursorPosition            text5        07B4
__end_of_SetDdramAddress              text6        0704
__end_of_SetDisplayMode               text4        0794
__end_of_SetDisplayResolution         text3        0778
__end_of_ShiftCursor                  text2        0732
__end_of_WriteCharacter               text1        0720
__end_of_WriteCommand                 text10       0747
__end_of__initialization              cinit        07FC
__end_of_delay                        text11       075D
__end_of_main                         maintext     07FC
__initialization                      cinit        07FC
__pcstackCOMMON                       cstackCOMMON 0070
__pmaintext                           maintext     07B4
__ptext1                              text1        070F
__ptext10                             text10       0732
__ptext11                             text11       0747
__ptext2                              text2        0720
__ptext3                              text3        075D
__ptext4                              text4        0778
__ptext5                              text5        0794
__ptext6                              text6        06FB
__ptext7                              text7        06F4
__ptext8                              text8        0704
__ptext9                              text9        06ED
__size_of_ClearDisplay                (abs)        0000
__size_of_Initialise                  (abs)        0000
__size_of_MoveCursorToStart           (abs)        0000
__size_of_SetCursorPosition           (abs)        0000
__size_of_SetDdramAddress             (abs)        0000
__size_of_SetDisplayMode              (abs)        0000
__size_of_SetDisplayResolution        (abs)        0000
__size_of_ShiftCursor                 (abs)        0000
__size_of_WriteCharacter              (abs)        0000
__size_of_WriteCommand                (abs)        0000
__size_of_delay                       (abs)        0000
__size_of_main                        (abs)        0000
_delay                                text11       0747
_main                                 maintext     07B4
btemp                                 (abs)        007E
delay@i                               cstackCOMMON 0070
end_of_initialization                 cinit        07FC
intlevel0                             functab      0000
intlevel1                             functab      0000
intlevel2                             functab      0000
intlevel3                             functab      0000
intlevel4                             functab      0000
intlevel5                             functab      0000
reset_vec                             reset_vec    0000
start                                 init         0000
start_initialization                  cinit        07FC
wtemp0                                (abs)        007E


FUNCTION INFORMATION:

 *************** function _main *****************
 Defined at:
		line 152 in file "main.c"
 Parameters:    Size  Location     Type
		None
 Auto vars:     Size  Location     Type
		None
 Return value:  Size  Location     Type
                  1    wreg      void 
 Registers used:
		wreg, status,2, status,0, btemp+1, pclath, cstack
 Tracked objects:
		On entry : 
		On exit  : 
		Unchanged: 
 Data sizes:     COMMON   BANK0   BANK1   BANK3   BANK2
      Params:         0       0       0       0       0
      Locals:         0       0       0       0       0
      Temps:          0       0       0       0       0
      Totals:         0       0       0       0       0
Total ram usage:        0 bytes
 Hardware stack levels required when called:    4
 This function calls:
		_ClearDisplay
		_Initialise
		_SetCursorPosition
		_SetDisplayMode
		_SetDisplayResolution
		_ShiftCursor
		_WriteCharacter
 This function is called by:
		Startup code after reset
 This function uses a non-reentrant model


 *************** function _WriteCharacter *****************
 Defined at:
		line 141 in file "main.c"
 Parameters:    Size  Location     Type
  c               1    wreg     unsigned char 
 Auto vars:     Size  Location     Type
  c               1    2[COMMON] unsigned char 
 Return value:  Size  Location     Type
                  1    wreg      void 
 Registers used:
		wreg, status,2, status,0, btemp+1, pclath, cstack
 Tracked objects:
		On entry : 
		On exit  : 
		Unchanged: 
 Data sizes:     COMMON   BANK0   BANK1   BANK3   BANK2
      Params:         0       0       0       0       0
      Locals:         1       0       0       0       0
      Temps:          0       0       0       0       0
      Totals:         1       0       0       0       0
Total ram usage:        1 bytes
 Hardware stack levels used:    1
 Hardware stack levels required when called:    1
 This function calls:
		_delay
 This function is called by:
		_main
 This function uses a non-reentrant model


 *************** function _ShiftCursor *****************
 Defined at:
		line 109 in file "main.c"
 Parameters:    Size  Location     Type
  right           1    wreg     unsigned char 
 Auto vars:     Size  Location     Type
  right           1    4[COMMON] unsigned char 
 Return value:  Size  Location     Type
                  1    wreg      void 
 Registers used:
		wreg, status,2, status,0, btemp+1, pclath, cstack
 Tracked objects:
		On entry : 
		On exit  : 
		Unchanged: 
 Data sizes:     COMMON   BANK0   BANK1   BANK3   BANK2
      Params:         0       0       0       0       0
      Locals:         1       0       0       0       0
      Temps:          1       0       0       0       0
      Totals:         2       0       0       0       0
Total ram usage:        2 bytes
 Hardware stack levels used:    1
 Hardware stack levels required when called:    2
 This function calls:
		_WriteCommand
 This function is called by:
		_main
 This function uses a non-reentrant model


 *************** function _SetDisplayResolution *****************
 Defined at:
		line 99 in file "main.c"
 Parameters:    Size  Location     Type
  displayTwoLi    1    wreg     unsigned char 
  displayLarge    1    3[COMMON] unsigned char 
 Auto vars:     Size  Location     Type
  displayTwoLi    1    6[COMMON] unsigned char 
 Return value:  Size  Location     Type
                  1    wreg      void 
 Registers used:
		wreg, status,2, status,0, btemp+1, pclath, cstack
 Tracked objects:
		On entry : 
		On exit  : 
		Unchanged: 
 Data sizes:     COMMON   BANK0   BANK1   BANK3   BANK2
      Params:         1       0       0       0       0
      Locals:         1       0       0       0       0
      Temps:          2       0       0       0       0
      Totals:         4       0       0       0       0
Total ram usage:        4 bytes
 Hardware stack levels used:    1
 Hardware stack levels required when called:    2
 This function calls:
		_WriteCommand
 This function is called by:
		_main
 This function uses a non-reentrant model


 *************** function _SetDisplayMode *****************
 Defined at:
		line 93 in file "main.c"
 Parameters:    Size  Location     Type
  displayOn       1    wreg     unsigned char 
  cursorOn        1    3[COMMON] unsigned char 
  cursorBlink     1    4[COMMON] unsigned char 
 Auto vars:     Size  Location     Type
  displayOn       1    7[COMMON] unsigned char 
 Return value:  Size  Location     Type
                  1    wreg      void 
 Registers used:
		wreg, status,2, status,0, btemp+1, pclath, cstack
 Tracked objects:
		On entry : 
		On exit  : 
		Unchanged: 
 Data sizes:     COMMON   BANK0   BANK1   BANK3   BANK2
      Params:         2       0       0       0       0
      Locals:         1       0       0       0       0
      Temps:          2       0       0       0       0
      Totals:         5       0       0       0       0
Total ram usage:        5 bytes
 Hardware stack levels used:    1
 Hardware stack levels required when called:    2
 This function calls:
		_WriteCommand
 This function is called by:
		_main
 This function uses a non-reentrant model


 *************** function _SetCursorPosition *****************
 Defined at:
		line 129 in file "main.c"
 Parameters:    Size  Location     Type
  secondLine      1    wreg     unsigned char 
  pos             1    4[COMMON] unsigned char 
 Auto vars:     Size  Location     Type
  secondLine      1    6[COMMON] unsigned char 
 Return value:  Size  Location     Type
                  1    wreg      void 
 Registers used:
		wreg, status,2, status,0, btemp+1, pclath, cstack
 Tracked objects:
		On entry : 
		On exit  : 
		Unchanged: 
 Data sizes:     COMMON   BANK0   BANK1   BANK3   BANK2
      Params:         1       0       0       0       0
      Locals:         1       0       0       0       0
      Temps:          1       0       0       0       0
      Totals:         3       0       0       0       0
Total ram usage:        3 bytes
 Hardware stack levels used:    1
 Hardware stack levels required when called:    3
 This function calls:
		_MoveCursorToStart
		_SetDdramAddress
 This function is called by:
		_main
 This function uses a non-reentrant model


 *************** function _SetDdramAddress *****************
 Defined at:
		line 124 in file "main.c"
 Parameters:    Size  Location     Type
  addr            1    wreg     unsigned char 
 Auto vars:     Size  Location     Type
  addr            1    3[COMMON] unsigned char 
 Return value:  Size  Location     Type
                  1    wreg      void 
 Registers used:
		wreg, status,2, status,0, btemp+1, pclath, cstack
 Tracked objects:
		On entry : 
		On exit  : 
		Unchanged: 
 Data sizes:     COMMON   BANK0   BANK1   BANK3   BANK2
      Params:         0       0       0       0       0
      Locals:         1       0       0       0       0
      Temps:          0       0       0       0       0
      Totals:         1       0       0       0       0
Total ram usage:        1 bytes
 Hardware stack levels used:    1
 Hardware stack levels required when called:    2
 This function calls:
		_WriteCommand
 This function is called by:
		_SetCursorPosition
 This function uses a non-reentrant model


 *************** function _MoveCursorToStart *****************
 Defined at:
		line 119 in file "main.c"
 Parameters:    Size  Location     Type
		None
 Auto vars:     Size  Location     Type
		None
 Return value:  Size  Location     Type
                  1    wreg      void 
 Registers used:
		wreg, status,2, status,0, btemp+1, pclath, cstack
 Tracked objects:
		On entry : 
		On exit  : 
		Unchanged: 
 Data sizes:     COMMON   BANK0   BANK1   BANK3   BANK2
      Params:         0       0       0       0       0
      Locals:         0       0       0       0       0
      Temps:          0       0       0       0       0
      Totals:         0       0       0       0       0
Total ram usage:        0 bytes
 Hardware stack levels used:    1
 Hardware stack levels required when called:    2
 This function calls:
		_WriteCommand
 This function is called by:
		_SetCursorPosition
 This function uses a non-reentrant model


 *************** function _Initialise *****************
 Defined at:
		line 172 in file "main.c"
 Parameters:    Size  Location     Type
		None
 Auto vars:     Size  Location     Type
		None
 Return value:  Size  Location     Type
                  1    wreg      void 
 Registers used:
		wreg, status,2
 Tracked objects:
		On entry : 
		On exit  : 
		Unchanged: 
 Data sizes:     COMMON   BANK0   BANK1   BANK3   BANK2
      Params:         0       0       0       0       0
      Locals:         0       0       0       0       0
      Temps:          0       0       0       0       0
      Totals:         0       0       0       0       0
Total ram usage:        0 bytes
 Hardware stack levels used:    1
 This function calls:
		Nothing
 This function is called by:
		_main
 This function uses a non-reentrant model


 *************** function _ClearDisplay *****************
 Defined at:
		line 104 in file "main.c"
 Parameters:    Size  Location     Type
		None
 Auto vars:     Size  Location     Type
		None
 Return value:  Size  Location     Type
                  1    wreg      void 
 Registers used:
		wreg, status,2, status,0, btemp+1, pclath, cstack
 Tracked objects:
		On entry : 
		On exit  : 
		Unchanged: 
 Data sizes:     COMMON   BANK0   BANK1   BANK3   BANK2
      Params:         0       0       0       0       0
      Locals:         0       0       0       0       0
      Temps:          0       0       0       0       0
      Totals:         0       0       0       0       0
Total ram usage:        0 bytes
 Hardware stack levels used:    1
 Hardware stack levels required when called:    2
 This function calls:
		_WriteCommand
 This function is called by:
		_main
 This function uses a non-reentrant model


 *************** function _WriteCommand *****************
 Defined at:
		line 82 in file "main.c"
 Parameters:    Size  Location     Type
  cmd             1    wreg     unsigned char 
 Auto vars:     Size  Location     Type
  cmd             1    2[COMMON] unsigned char 
 Return value:  Size  Location     Type
                  1    wreg      void 
 Registers used:
		wreg, status,2, status,0, btemp+1, pclath, cstack
 Tracked objects:
		On entry : 
		On exit  : 
		Unchanged: 
 Data sizes:     COMMON   BANK0   BANK1   BANK3   BANK2
      Params:         0       0       0       0       0
      Locals:         1       0       0       0       0
      Temps:          0       0       0       0       0
      Totals:         1       0       0       0       0
Total ram usage:        1 bytes
 Hardware stack levels used:    1
 Hardware stack levels required when called:    1
 This function calls:
		_delay
 This function is called by:
		_SetDisplayMode
		_SetDisplayResolution
		_ClearDisplay
		_ShiftCursor
		_MoveCursorToStart
		_SetDdramAddress
		_ShiftDisplay
 This function uses a non-reentrant model


 *************** function _delay *****************
 Defined at:
		line 80 in file "main.c"
 Parameters:    Size  Location     Type
		None
 Auto vars:     Size  Location     Type
  i               2    0[COMMON] int 
 Return value:  Size  Location     Type
                  1    wreg      void 
 Registers used:
		wreg, status,2, btemp+1
 Tracked objects:
		On entry : 
		On exit  : 
		Unchanged: 
 Data sizes:     COMMON   BANK0   BANK1   BANK3   BANK2
      Params:         0       0       0       0       0
      Locals:         2       0       0       0       0
      Temps:          0       0       0       0       0
      Totals:         2       0       0       0       0
Total ram usage:        2 bytes
 Hardware stack levels used:    1
 This function calls:
		Nothing
 This function is called by:
		_WriteCommand
		_WriteCharacter
 This function uses a non-reentrant model



MODULE INFORMATION

Module		Function		Class		Link	Load	Size
shared
		__initialization		CODE           	07FC	0000	1

shared estimated size: 1

main.c
		_ShiftCursor   		CODE           	0720	0000	19
		_ClearDisplay  		CODE           	06ED	0000	8
		_delay         		CODE           	0747	0000	23
		_WriteCharacter		CODE           	070F	0000	18
		_main          		CODE           	07B4	0000	73
		_Initialise    		CODE           	0704	0000	12
		_SetDisplayResolution		CODE           	075D	0000	28
		_MoveCursorToStart		CODE           	06F4	0000	8
		_SetCursorPosition		CODE           	0794	0000	33
		_SetDdramAddress		CODE           	06FB	0000	10
		_WriteCommand  		CODE           	0732	0000	22
		_SetDisplayMode		CODE           	0778	0000	29

main.c estimated size: 283

