MPLINK 5.09, LINKER
Linker Map File - Created Fri Oct 11 17:46:17 2019

                                 Section Info
                  Section       Type    Address   Location Size(Bytes)
                ---------  ---------  ---------  ---------  ---------
                   .org_0       code   0x000000    program   0x00013a
                   .cinit    romdata   0x00009d    program   0x000004
.config_2007_BUILD/DEFAULT/PRODUCTION/SEVENSE       code   0x002007    program   0x000002



                              Program Memory Usage 
                               Start         End      
                           ---------   ---------      
                            0x000000    0x00009e      
                            0x002007    0x002007      
            160 out of 8454 program addresses used, program memory utilization is 1%



                              Symbols - Sorted by Name
                     Name    Address   Location    Storage File                     
                ---------  ---------  ---------  --------- ---------                
                     ALGO   0x000081    program     static C:\Programming\EmbeddedSystems\Lab3\Lab 4.X\SevenSegmentDisplay.asm
                ALGO_ITER   0x000092    program     static C:\Programming\EmbeddedSystems\Lab3\Lab 4.X\SevenSegmentDisplay.asm
         CONFIGURE_MEMORY   0x00004c    program     static C:\Programming\EmbeddedSystems\Lab3\Lab 4.X\SevenSegmentDisplay.asm
                    DELAY   0x000043    program     static C:\Programming\EmbeddedSystems\Lab3\Lab 4.X\SevenSegmentDisplay.asm
                     DRAW   0x000018    program     static C:\Programming\EmbeddedSystems\Lab3\Lab 4.X\SevenSegmentDisplay.asm
         INNER_DELAY_LOOP   0x000047    program     static C:\Programming\EmbeddedSystems\Lab3\Lab 4.X\SevenSegmentDisplay.asm
                     LOOP   0x00009a    program     static C:\Programming\EmbeddedSystems\Lab3\Lab 4.X\SevenSegmentDisplay.asm
                     MAIN   0x000000    program     static C:\Programming\EmbeddedSystems\Lab3\Lab 4.X\SevenSegmentDisplay.asm
         OUTER_DELAY_LOOP   0x000045    program     static C:\Programming\EmbeddedSystems\Lab3\Lab 4.X\SevenSegmentDisplay.asm
                SET_DIGIT   0x000012    program     static C:\Programming\EmbeddedSystems\Lab3\Lab 4.X\SevenSegmentDisplay.asm
                  SET_POS   0x00000c    program     static C:\Programming\EmbeddedSystems\Lab3\Lab 4.X\SevenSegmentDisplay.asm



                              Symbols - Sorted by Address
                     Name    Address   Location    Storage File                     
                ---------  ---------  ---------  --------- ---------                
                     MAIN   0x000000    program     static C:\Programming\EmbeddedSystems\Lab3\Lab 4.X\SevenSegmentDisplay.asm
                  SET_POS   0x00000c    program     static C:\Programming\EmbeddedSystems\Lab3\Lab 4.X\SevenSegmentDisplay.asm
                SET_DIGIT   0x000012    program     static C:\Programming\EmbeddedSystems\Lab3\Lab 4.X\SevenSegmentDisplay.asm
                     DRAW   0x000018    program     static C:\Programming\EmbeddedSystems\Lab3\Lab 4.X\SevenSegmentDisplay.asm
                    DELAY   0x000043    program     static C:\Programming\EmbeddedSystems\Lab3\Lab 4.X\SevenSegmentDisplay.asm
         OUTER_DELAY_LOOP   0x000045    program     static C:\Programming\EmbeddedSystems\Lab3\Lab 4.X\SevenSegmentDisplay.asm
         INNER_DELAY_LOOP   0x000047    program     static C:\Programming\EmbeddedSystems\Lab3\Lab 4.X\SevenSegmentDisplay.asm
         CONFIGURE_MEMORY   0x00004c    program     static C:\Programming\EmbeddedSystems\Lab3\Lab 4.X\SevenSegmentDisplay.asm
                     ALGO   0x000081    program     static C:\Programming\EmbeddedSystems\Lab3\Lab 4.X\SevenSegmentDisplay.asm
                ALGO_ITER   0x000092    program     static C:\Programming\EmbeddedSystems\Lab3\Lab 4.X\SevenSegmentDisplay.asm
                     LOOP   0x00009a    program     static C:\Programming\EmbeddedSystems\Lab3\Lab 4.X\SevenSegmentDisplay.asm


