MPLINK 5.09, LINKER
Linker Map File - Created Mon Sep 30 18:02:02 2019

                                 Section Info
                  Section       Type    Address   Location Size(Bytes)
                ---------  ---------  ---------  ---------  ---------
                   .org_0       code   0x000000    program   0x000034
                   .cinit    romdata   0x00001a    program   0x000004
.config_2007_BUILD/DEFAULT/PRODUCTION/LAB1.O       code   0x002007    program   0x000002



                              Program Memory Usage 
                               Start         End      
                           ---------   ---------      
                            0x000000    0x00001b      
                            0x002007    0x002007      
            29 out of 8454 program addresses used, program memory utilization is 0%



                              Symbols - Sorted by Name
                     Name    Address   Location    Storage File                     
                ---------  ---------  ---------  --------- ---------                
                     LOOP   0x000018    program     static C:\Programming\EmbeddedSystems\Lab1\Lab1.asm
                 LOOP_ONE   0x000012    program     static C:\Programming\EmbeddedSystems\Lab1\Lab1.asm
                 LOOP_TWO   0x000015    program     static C:\Programming\EmbeddedSystems\Lab1\Lab1.asm
                  RST_ONE   0x00000f    program     static C:\Programming\EmbeddedSystems\Lab1\Lab1.asm
                 RST_ZERO   0x00000c    program     static C:\Programming\EmbeddedSystems\Lab1\Lab1.asm



                              Symbols - Sorted by Address
                     Name    Address   Location    Storage File                     
                ---------  ---------  ---------  --------- ---------                
                 RST_ZERO   0x00000c    program     static C:\Programming\EmbeddedSystems\Lab1\Lab1.asm
                  RST_ONE   0x00000f    program     static C:\Programming\EmbeddedSystems\Lab1\Lab1.asm
                 LOOP_ONE   0x000012    program     static C:\Programming\EmbeddedSystems\Lab1\Lab1.asm
                 LOOP_TWO   0x000015    program     static C:\Programming\EmbeddedSystems\Lab1\Lab1.asm
                     LOOP   0x000018    program     static C:\Programming\EmbeddedSystems\Lab1\Lab1.asm


