MPLINK 5.09, LINKER
Linker Map File - Created Fri Oct 11 15:38:28 2019

                                 Section Info
                  Section       Type    Address   Location Size(Bytes)
                ---------  ---------  ---------  ---------  ---------
                   .org_0       code   0x000000    program   0x0000e6
                   .cinit    romdata   0x000073    program   0x000004
.config_2007_BUILD/DEFAULT/PRODUCTION/SEVENSE       code   0x002007    program   0x000002



                              Program Memory Usage 
                               Start         End      
                           ---------   ---------      
                            0x000000    0x000074      
                            0x002007    0x002007      
            118 out of 8454 program addresses used, program memory utilization is 1%



                              Symbols - Sorted by Name
                     Name    Address   Location    Storage File                     
                ---------  ---------  ---------  --------- ---------                
         CONFIGURE_MEMORY   0x000021    program     static C:\Programming\EmbeddedSystems\Lab3\Lab3.X\SevenSegmentDisplay.asm
                    DELAY   0x000018    program     static C:\Programming\EmbeddedSystems\Lab3\Lab3.X\SevenSegmentDisplay.asm
         INNER_DELAY_LOOP   0x00001c    program     static C:\Programming\EmbeddedSystems\Lab3\Lab3.X\SevenSegmentDisplay.asm
                     LOOP   0x000048    program     static C:\Programming\EmbeddedSystems\Lab3\Lab3.X\SevenSegmentDisplay.asm
                     MAIN   0x000000    program     static C:\Programming\EmbeddedSystems\Lab3\Lab3.X\SevenSegmentDisplay.asm
         OUTER_DELAY_LOOP   0x00001a    program     static C:\Programming\EmbeddedSystems\Lab3\Lab3.X\SevenSegmentDisplay.asm
                SET_DIGIT   0x000012    program     static C:\Programming\EmbeddedSystems\Lab3\Lab3.X\SevenSegmentDisplay.asm
                  SET_POS   0x00000c    program     static C:\Programming\EmbeddedSystems\Lab3\Lab3.X\SevenSegmentDisplay.asm



                              Symbols - Sorted by Address
                     Name    Address   Location    Storage File                     
                ---------  ---------  ---------  --------- ---------                
                     MAIN   0x000000    program     static C:\Programming\EmbeddedSystems\Lab3\Lab3.X\SevenSegmentDisplay.asm
                  SET_POS   0x00000c    program     static C:\Programming\EmbeddedSystems\Lab3\Lab3.X\SevenSegmentDisplay.asm
                SET_DIGIT   0x000012    program     static C:\Programming\EmbeddedSystems\Lab3\Lab3.X\SevenSegmentDisplay.asm
                    DELAY   0x000018    program     static C:\Programming\EmbeddedSystems\Lab3\Lab3.X\SevenSegmentDisplay.asm
         OUTER_DELAY_LOOP   0x00001a    program     static C:\Programming\EmbeddedSystems\Lab3\Lab3.X\SevenSegmentDisplay.asm
         INNER_DELAY_LOOP   0x00001c    program     static C:\Programming\EmbeddedSystems\Lab3\Lab3.X\SevenSegmentDisplay.asm
         CONFIGURE_MEMORY   0x000021    program     static C:\Programming\EmbeddedSystems\Lab3\Lab3.X\SevenSegmentDisplay.asm
                     LOOP   0x000048    program     static C:\Programming\EmbeddedSystems\Lab3\Lab3.X\SevenSegmentDisplay.asm


